// Jest Snapshot v1, https://goo.gl/fbAQLP

exports[`BaseModal ImageUploadModal template component snapshot 1`] = `
<ModalDialog
  hasCloseButton={true}
  isFullscreenOnMobile={true}
  isOpen={true}
  onClose={[MockFunction props.close]}
  size="lg"
  variant="default"
>
  <ModalDialog.Header>
    <ModalDialog.Title>
      props.title node
    </ModalDialog.Title>
  </ModalDialog.Header>
  <ModalDialog.Body>
    props.children node
  </ModalDialog.Body>
  <ModalDialog.Footer>
    <ActionRow>
      <ModalDialog.CloseButton
        onClick={[MockFunction props.close]}
        variant="tertiary"
      >
        <FormattedMessage
          defaultMessage="Cancel"
          description="Label for cancel button."
          id="authoring.texteditor.baseModal.cancelButtonLabel"
        />
      </ModalDialog.CloseButton>
      props.confirmAction node
    </ActionRow>
  </ModalDialog.Footer>
</ModalDialog>
`;
