// Jest Snapshot v1, https://goo.gl/fbAQLP

exports[`AltTextControls render snapshot: isDecorative=true 1`] = `
<Form.Group
  className="mt-4.5"
>
  <Form.Label
    as="h4"
  >
    <FormattedMessage
      defaultMessage="Accessibility"
      description="Label title for accessibility section."
      id="authoring.texteditor.imagesettingsmodal.accessibilityLabel"
    />
  </Form.Label>
  <Form.Control
    className="mt-4.5"
    disabled={true}
    floatingLabel="Alt Text"
    onChange={
      Object {
        "hooks.onInputChange": [MockFunction props.setValue],
      }
    }
    type="input"
    value="props.value"
  />
  <Form.Checkbox
    checked={true}
    className="mt-4.5 decorative-control-label"
    onChange={
      Object {
        "hooks.onCheckboxChange": [MockFunction props.setIsDecorative],
      }
    }
  >
    <Form.Label>
      <FormattedMessage
        defaultMessage="This image is decorative (no alt text required)."
        description="Checkbox label for whether or not an image is decorative."
        id="authoring.texteditor.imagesettingsmodal.decorativeCheckboxLabel"
      />
    </Form.Label>
  </Form.Checkbox>
</Form.Group>
`;
